---
namespace: Input
expectation: Pass
outputs:
  - sections:
      - name: main
        definitions:
          - mode: Public
            type_: Boolean
            name: "{\"name\":\"a\",\"span\":\"{\\\"line_start\\\":4,\\\"line_stop\\\":4,\\\"col_start\\\":8,\\\"col_stop\\\":9,\\\"path\\\":\\\"\\\",\\\"content\\\":\\\"public a: bool  = true;                 \\\"}\"}"
            value:
              Value:
                Boolean:
                  - "true"
                  - span:
                      line_start: 4
                      line_stop: 4
                      col_start: 19
                      col_stop: 23
                      path: ""
                      content: "public a: bool  = true;                 "
            span:
              line_start: 4
              line_stop: 4
              col_start: 11
              col_stop: 15
              path: ""
              content: "public a: bool  = true;                 "
          - mode: Public
            type_:
              IntegerType: U8
            name: "{\"name\":\"b\",\"span\":\"{\\\"line_start\\\":5,\\\"line_stop\\\":5,\\\"col_start\\\":8,\\\"col_stop\\\":9,\\\"path\\\":\\\"\\\",\\\"content\\\":\\\"public b: u8    = 2;                    \\\"}\"}"
            value:
              Value:
                Implicit:
                  - "2"
                  - span:
                      line_start: 5
                      line_stop: 5
                      col_start: 19
                      col_stop: 20
                      path: ""
                      content: "public b: u8    = 2;                    "
            span:
              line_start: 5
              line_stop: 5
              col_start: 11
              col_stop: 13
              path: ""
              content: "public b: u8    = 2;                    "
          - mode: Public
            type_: Field
            name: "{\"name\":\"c\",\"span\":\"{\\\"line_start\\\":6,\\\"line_stop\\\":6,\\\"col_start\\\":8,\\\"col_stop\\\":9,\\\"path\\\":\\\"\\\",\\\"content\\\":\\\"public c: field = 0;                    \\\"}\"}"
            value:
              Value:
                Implicit:
                  - "0"
                  - span:
                      line_start: 6
                      line_stop: 6
                      col_start: 19
                      col_stop: 20
                      path: ""
                      content: "public c: field = 0;                    "
            span:
              line_start: 6
              line_stop: 6
              col_start: 11
              col_stop: 16
              path: ""
              content: "public c: field = 0;                    "
          - mode: Public
            type_: Group
            name: "{\"name\":\"d\",\"span\":\"{\\\"line_start\\\":7,\\\"line_stop\\\":7,\\\"col_start\\\":8,\\\"col_stop\\\":9,\\\"path\\\":\\\"\\\",\\\"content\\\":\\\"public d: group = (0, 1)group;          \\\"}\"}"
            value:
              Value:
                Group:
                  Tuple:
                    x:
                      Number:
                        - "0"
                        - span:
                            line_start: 7
                            line_stop: 7
                            col_start: 20
                            col_stop: 21
                            path: ""
                            content: "public d: group = (0, 1)group;          "
                    y:
                      Number:
                        - "1"
                        - span:
                            line_start: 7
                            line_stop: 7
                            col_start: 23
                            col_stop: 24
                            path: ""
                            content: "public d: group = (0, 1)group;          "
                    span:
                      line_start: 7
                      line_stop: 7
                      col_start: 19
                      col_stop: 30
                      path: ""
                      content: "public d: group = (0, 1)group;          "
            span:
              line_start: 7
              line_stop: 7
              col_start: 11
              col_stop: 16
              path: ""
              content: "public d: group = (0, 1)group;          "
          - mode: Public
            type_: Address
            name: "{\"name\":\"e\",\"span\":\"{\\\"line_start\\\":8,\\\"line_stop\\\":8,\\\"col_start\\\":8,\\\"col_stop\\\":9,\\\"path\\\":\\\"\\\",\\\"content\\\":\\\"public e: address = aleo1qnr4dkkvkgfqph0vzc3y6z2eu975wnpz2925ntjccd5cfqxtyu8sta57j8;\\\"}\"}"
            value:
              Value:
                Address:
                  - aleo1qnr4dkkvkgfqph0vzc3y6z2eu975wnpz2925ntjccd5cfqxtyu8sta57j8
                  - span:
                      line_start: 8
                      line_stop: 8
                      col_start: 21
                      col_stop: 84
                      path: ""
                      content: "public e: address = aleo1qnr4dkkvkgfqph0vzc3y6z2eu975wnpz2925ntjccd5cfqxtyu8sta57j8;"
            span:
              line_start: 8
              line_stop: 8
              col_start: 11
              col_stop: 18
              path: ""
              content: "public e: address = aleo1qnr4dkkvkgfqph0vzc3y6z2eu975wnpz2925ntjccd5cfqxtyu8sta57j8;"
          - mode: Public
            type_:
              IntegerType: I8
            name: "{\"name\":\"f\",\"span\":\"{\\\"line_start\\\":9,\\\"line_stop\\\":9,\\\"col_start\\\":8,\\\"col_stop\\\":9,\\\"path\\\":\\\"\\\",\\\"content\\\":\\\"public f: i8    = -2;\\\"}\"}"
            value:
              Unary:
                inner:
                  Value:
                    Implicit:
                      - "2"
                      - span:
                          line_start: 9
                          line_stop: 9
                          col_start: 20
                          col_stop: 21
                          path: ""
                          content: "public f: i8    = -2;"
                op: Negate
                span:
                  line_start: 9
                  line_stop: 9
                  col_start: 19
                  col_stop: 21
                  path: ""
                  content: "public f: i8    = -2;"
            span:
              line_start: 9
              line_stop: 9
              col_start: 11
              col_stop: 13
              path: ""
              content: "public f: i8    = -2;"
        span:
          line_start: 3
          line_stop: 3
          col_start: 2
          col_stop: 6
          path: ""
          content: "[main]"
      - name: registers
        definitions:
          - mode: Private
            type_: Boolean
            name: "{\"name\":\"r0\",\"span\":\"{\\\"line_start\\\":12,\\\"line_stop\\\":12,\\\"col_start\\\":1,\\\"col_stop\\\":3,\\\"path\\\":\\\"\\\",\\\"content\\\":\\\"r0: bool  = true;                 \\\"}\"}"
            value:
              Value:
                Boolean:
                  - "true"
                  - span:
                      line_start: 12
                      line_stop: 12
                      col_start: 13
                      col_stop: 17
                      path: ""
                      content: "r0: bool  = true;                 "
            span:
              line_start: 12
              line_stop: 12
              col_start: 5
              col_stop: 9
              path: ""
              content: "r0: bool  = true;                 "
          - mode: Private
            type_:
              IntegerType: U8
            name: "{\"name\":\"r1\",\"span\":\"{\\\"line_start\\\":13,\\\"line_stop\\\":13,\\\"col_start\\\":1,\\\"col_stop\\\":3,\\\"path\\\":\\\"\\\",\\\"content\\\":\\\"r1: u8    = 2;                    \\\"}\"}"
            value:
              Value:
                Implicit:
                  - "2"
                  - span:
                      line_start: 13
                      line_stop: 13
                      col_start: 13
                      col_stop: 14
                      path: ""
                      content: "r1: u8    = 2;                    "
            span:
              line_start: 13
              line_stop: 13
              col_start: 5
              col_stop: 7
              path: ""
              content: "r1: u8    = 2;                    "
          - mode: Private
            type_: Field
            name: "{\"name\":\"r2\",\"span\":\"{\\\"line_start\\\":14,\\\"line_stop\\\":14,\\\"col_start\\\":1,\\\"col_stop\\\":3,\\\"path\\\":\\\"\\\",\\\"content\\\":\\\"r2: field = 0;                    \\\"}\"}"
            value:
              Value:
                Implicit:
                  - "0"
                  - span:
                      line_start: 14
                      line_stop: 14
                      col_start: 13
                      col_stop: 14
                      path: ""
                      content: "r2: field = 0;                    "
            span:
              line_start: 14
              line_stop: 14
              col_start: 5
              col_stop: 10
              path: ""
              content: "r2: field = 0;                    "
          - mode: Private
            type_: Group
            name: "{\"name\":\"r3\",\"span\":\"{\\\"line_start\\\":15,\\\"line_stop\\\":15,\\\"col_start\\\":1,\\\"col_stop\\\":3,\\\"path\\\":\\\"\\\",\\\"content\\\":\\\"r3: group = (0, 1)group;          \\\"}\"}"
            value:
              Value:
                Group:
                  Tuple:
                    x:
                      Number:
                        - "0"
                        - span:
                            line_start: 15
                            line_stop: 15
                            col_start: 14
                            col_stop: 15
                            path: ""
                            content: "r3: group = (0, 1)group;          "
                    y:
                      Number:
                        - "1"
                        - span:
                            line_start: 15
                            line_stop: 15
                            col_start: 17
                            col_stop: 18
                            path: ""
                            content: "r3: group = (0, 1)group;          "
                    span:
                      line_start: 15
                      line_stop: 15
                      col_start: 13
                      col_stop: 24
                      path: ""
                      content: "r3: group = (0, 1)group;          "
            span:
              line_start: 15
              line_stop: 15
              col_start: 5
              col_stop: 10
              path: ""
              content: "r3: group = (0, 1)group;          "
          - mode: Private
            type_: Address
            name: "{\"name\":\"r4\",\"span\":\"{\\\"line_start\\\":16,\\\"line_stop\\\":16,\\\"col_start\\\":1,\\\"col_stop\\\":3,\\\"path\\\":\\\"\\\",\\\"content\\\":\\\"r4: address = aleo1qnr4dkkvkgfqph0vzc3y6z2eu975wnpz2925ntjccd5cfqxtyu8sta57j8;\\\"}\"}"
            value:
              Value:
                Address:
                  - aleo1qnr4dkkvkgfqph0vzc3y6z2eu975wnpz2925ntjccd5cfqxtyu8sta57j8
                  - span:
                      line_start: 16
                      line_stop: 16
                      col_start: 15
                      col_stop: 78
                      path: ""
                      content: "r4: address = aleo1qnr4dkkvkgfqph0vzc3y6z2eu975wnpz2925ntjccd5cfqxtyu8sta57j8;"
            span:
              line_start: 16
              line_stop: 16
              col_start: 5
              col_stop: 12
              path: ""
              content: "r4: address = aleo1qnr4dkkvkgfqph0vzc3y6z2eu975wnpz2925ntjccd5cfqxtyu8sta57j8;"
          - mode: Private
            type_:
              IntegerType: I8
            name: "{\"name\":\"r4\",\"span\":\"{\\\"line_start\\\":17,\\\"line_stop\\\":17,\\\"col_start\\\":1,\\\"col_stop\\\":3,\\\"path\\\":\\\"\\\",\\\"content\\\":\\\"r4: i8 = -1;\\\"}\"}"
            value:
              Unary:
                inner:
                  Value:
                    Implicit:
                      - "1"
                      - span:
                          line_start: 17
                          line_stop: 17
                          col_start: 11
                          col_stop: 12
                          path: ""
                          content: "r4: i8 = -1;"
                op: Negate
                span:
                  line_start: 17
                  line_stop: 17
                  col_start: 10
                  col_stop: 12
                  path: ""
                  content: "r4: i8 = -1;"
            span:
              line_start: 17
              line_stop: 17
              col_start: 5
              col_stop: 7
              path: ""
              content: "r4: i8 = -1;"
        span:
          line_start: 11
          line_stop: 11
          col_start: 2
          col_stop: 11
          path: ""
          content: "[registers]"
