---
namespace: Compile
expectation: Pass
outputs:
  - - initial_ast: 3ad17e4fd59b14853b85de6568fcd79d88e34702cd6e0a22af8b6b6e09bd0a59
      unrolled_ast: 3ad17e4fd59b14853b85de6568fcd79d88e34702cd6e0a22af8b6b6e09bd0a59
      ssa_ast: f2cc009ec0aec2c381dcd251eed7d3959f82899da9d0428f647bf8a10065b6dc
      flattened_ast: a7e5d0276c62aaaae6eac8252ecb9a26e40a66f93533c91ce8f08c8f046baedd
      inlined_ast: a7e5d0276c62aaaae6eac8252ecb9a26e40a66f93533c91ce8f08c8f046baedd
      dce_ast: a7e5d0276c62aaaae6eac8252ecb9a26e40a66f93533c91ce8f08c8f046baedd
      bytecode: 041ad04237619df46380596339019563fc1d330a7e3792a3d856e4b600e8501e
      warnings: ""
