---
namespace: Compile
expectation: Pass
outputs:
  - - initial_ast: a705aac527cf63578b2f69a56779492e8a3d998dd40667e600f773a045760653
      unrolled_ast: a705aac527cf63578b2f69a56779492e8a3d998dd40667e600f773a045760653
      ssa_ast: 83d5a116b9d11cebe4417cc9c31a2a91243a3f6456675b605222613f66f80440
      flattened_ast: d4d7dd5d0adfa216b3d9e62b94737be5373dbbb4dc21f2bfe50eee8b5b861da0
      inlined_ast: d4d7dd5d0adfa216b3d9e62b94737be5373dbbb4dc21f2bfe50eee8b5b861da0
      dce_ast: 8e1e99ae2c5eabb1105ef04e5659e92d5d6516f47bf7330118a5580387cbf845
      bytecode: db7cf565e83b99b3a24b93bfbb5bdcda4f947f4eb64f454046ea83edca3ccbf3
      warnings: ""
