---
namespace: Compile
expectation: Pass
outputs:
  - circuit:
      num_public_variables: 0
      num_private_variables: 65
      num_constraints: 65
      at: 83a4d089927a9811a9d4ed5b3ee2e50e395cd598de865653be04a2c51904b072
      bt: 30bc7cfbc53a2e928ca0310b6041f1f1548ad7c1197ffc9301b46522122e5561
      ct: f037d279ccea3ca689e05801ec3ba0053b5ce66a1763d4620262ea9b69873008
    output:
      - input_file: ne.in
        output:
          registers:
            r0:
              type: bool
              value: "true"
    initial_ast: c44ad5c68364a59ae17737da3cfc5830bf9e1ce0d57f572733c04e6a7bdb3bff
    imports_resolved_ast: 4ca172d902f797a1d225223900fbf3f01a68c44ad5a0cf402e719f9e5961988b
    canonicalized_ast: c44ad5c68364a59ae17737da3cfc5830bf9e1ce0d57f572733c04e6a7bdb3bff
    type_inferenced_ast: c93e699b4e6e27c2ac9a77153cfe926cd07e12dc9ae4e6a40a7a473a768f30dc
