---
namespace: Compile
expectation: Fail
outputs:
  - "Error [ECMP0376089]: failed to parse `-2` as expected integer type\n    --> compiler-test:10:15\n     |\n  10 | function main(a: u16) {}\n     |               ^"
