---
namespace: Parse
expectation: Fail
outputs:
  - "Error [EPAR0370005]: expected 'function', 'circuit', 'test' -- got 'circuit'\n    --> test:3:1\n     |\n   3 | circuit ;\n     | ^^^^^^^"
