---
namespace: Compile
expectation: Pass
outputs:
  - output:
      - initial_input_ast: 114a06e1bb4a0c3728adc7668365d8deea159ccffc14b1977ba2bba2b05f3987
      - initial_input_ast: c8fc11e4265deb71385cf129d8cac917eecdc35c993f569bc339e49fc26e0dab
    initial_ast: 22866aca009cd492205eb33e5de776e410d245afad2b944536236fc5ffc7becc
    symbol_table: d62e5ca69883dfd4f502dd4b8ab0436e677a9871322a3cc33c0d51f3138760be
