---
namespace: Compile
expectation: Pass
outputs:
  - output:
      - input_file: "[main]\ny: bool = true;\n\n[registers]\nr0: bool = true;\n"
        initial_input_ast: 3674d8249023145121ff35eb4d9e59b0ce79cda7e17f9f98b5dbaa6ba4f80cf2
        symbol_table: de4df163543532b2a5655c9a606d9dc849c780388f962681780e5f042111a96c
    initial_ast: 10323d073f4ec9377c4d86c68ffdc47fdac23b32f5bed9ed6122e5f434cf1b49
