---
namespace: Compile
expectation: Pass
outputs:
  - circuit:
      num_public_variables: 0
      num_private_variables: 113
      num_constraints: 113
      at: a38a17fb5f40313343215b604602dfb492eb06cc8ac81d7d75443663398eb105
      bt: 34c1c5f1fd258fc5f18137e0cd367a6c3149958ec8b92123518e293db31afbe3
      ct: 92784334fb47e5a53eb972ec42d95f97470117bb6839cf2d46e8fcbd38a662f9
    output:
      - input_file: i16_l.in
        output:
          registers:
            r0:
              type: bool
              value: "true"
      - input_file: i16_e.in
        output:
          registers:
            r0:
              type: bool
              value: "true"
    initial_theorem:
      name: ""
      expected_input: []
      imports: []
      circuits: {}
      global_consts: {}
      functions:
        "{\"name\":\"main\",\"span\":\"{\\\"line_start\\\":3,\\\"line_stop\\\":3,\\\"col_start\\\":10,\\\"col_stop\\\":14,\\\"path\\\":\\\"compiler-test\\\",\\\"content\\\":\\\"function main(a: i16, b: i16, c: bool) -> bool {\\\"}\"}":
          annotations: []
          identifier: "{\"name\":\"main\",\"span\":\"{\\\"line_start\\\":3,\\\"line_stop\\\":3,\\\"col_start\\\":10,\\\"col_stop\\\":14,\\\"path\\\":\\\"compiler-test\\\",\\\"content\\\":\\\"function main(a: i16, b: i16, c: bool) -> bool {\\\"}\"}"
          input:
            - Variable:
                identifier: "{\"name\":\"a\",\"span\":\"{\\\"line_start\\\":3,\\\"line_stop\\\":3,\\\"col_start\\\":15,\\\"col_stop\\\":16,\\\"path\\\":\\\"compiler-test\\\",\\\"content\\\":\\\"function main(a: i16, b: i16, c: bool) -> bool {\\\"}\"}"
                const_: false
                mutable: true
                type_:
                  IntegerType: I16
                span:
                  line_start: 3
                  line_stop: 3
                  col_start: 15
                  col_stop: 16
                  path: compiler-test
                  content: "function main(a: i16, b: i16, c: bool) -> bool {"
            - Variable:
                identifier: "{\"name\":\"b\",\"span\":\"{\\\"line_start\\\":3,\\\"line_stop\\\":3,\\\"col_start\\\":23,\\\"col_stop\\\":24,\\\"path\\\":\\\"compiler-test\\\",\\\"content\\\":\\\"function main(a: i16, b: i16, c: bool) -> bool {\\\"}\"}"
                const_: false
                mutable: true
                type_:
                  IntegerType: I16
                span:
                  line_start: 3
                  line_stop: 3
                  col_start: 23
                  col_stop: 24
                  path: compiler-test
                  content: "function main(a: i16, b: i16, c: bool) -> bool {"
            - Variable:
                identifier: "{\"name\":\"c\",\"span\":\"{\\\"line_start\\\":3,\\\"line_stop\\\":3,\\\"col_start\\\":31,\\\"col_stop\\\":32,\\\"path\\\":\\\"compiler-test\\\",\\\"content\\\":\\\"function main(a: i16, b: i16, c: bool) -> bool {\\\"}\"}"
                const_: false
                mutable: true
                type_: Boolean
                span:
                  line_start: 3
                  line_stop: 3
                  col_start: 31
                  col_stop: 32
                  path: compiler-test
                  content: "function main(a: i16, b: i16, c: bool) -> bool {"
          output: Boolean
          block:
            statements:
              - Return:
                  expression:
                    Binary:
                      left:
                        Binary:
                          left:
                            Identifier: "{\"name\":\"a\",\"span\":\"{\\\"line_start\\\":4,\\\"line_stop\\\":4,\\\"col_start\\\":12,\\\"col_stop\\\":13,\\\"path\\\":\\\"compiler-test\\\",\\\"content\\\":\\\"    return a <= b == c;\\\"}\"}"
                          right:
                            Identifier: "{\"name\":\"b\",\"span\":\"{\\\"line_start\\\":4,\\\"line_stop\\\":4,\\\"col_start\\\":17,\\\"col_stop\\\":18,\\\"path\\\":\\\"compiler-test\\\",\\\"content\\\":\\\"    return a <= b == c;\\\"}\"}"
                          op: Le
                          span:
                            line_start: 4
                            line_stop: 4
                            col_start: 12
                            col_stop: 18
                            path: compiler-test
                            content: "    return a <= b == c;"
                      right:
                        Identifier: "{\"name\":\"c\",\"span\":\"{\\\"line_start\\\":4,\\\"line_stop\\\":4,\\\"col_start\\\":22,\\\"col_stop\\\":23,\\\"path\\\":\\\"compiler-test\\\",\\\"content\\\":\\\"    return a <= b == c;\\\"}\"}"
                      op: Eq
                      span:
                        line_start: 4
                        line_stop: 4
                        col_start: 12
                        col_stop: 23
                        path: compiler-test
                        content: "    return a <= b == c;"
                  span:
                    line_start: 4
                    line_stop: 4
                    col_start: 5
                    col_stop: 23
                    path: compiler-test
                    content: "    return a <= b == c;"
            span:
              line_start: 3
              line_stop: 5
              col_start: 48
              col_stop: 2
              path: compiler-test
              content: "function main(a: i16, b: i16, c: bool) -> bool {\n...\n}"
          span:
            line_start: 3
            line_stop: 5
            col_start: 1
            col_stop: 2
            path: compiler-test
            content: "function main(a: i16, b: i16, c: bool) -> bool {\n...\n}"
    canonicalized_theorem:
      name: ""
      expected_input: []
      imports: []
      circuits: {}
      global_consts: {}
      functions:
        "{\"name\":\"main\",\"span\":\"{\\\"line_start\\\":3,\\\"line_stop\\\":3,\\\"col_start\\\":10,\\\"col_stop\\\":14,\\\"path\\\":\\\"compiler-test\\\",\\\"content\\\":\\\"function main(a: i16, b: i16, c: bool) -> bool {\\\"}\"}":
          annotations: []
          identifier: "{\"name\":\"main\",\"span\":\"{\\\"line_start\\\":3,\\\"line_stop\\\":3,\\\"col_start\\\":10,\\\"col_stop\\\":14,\\\"path\\\":\\\"compiler-test\\\",\\\"content\\\":\\\"function main(a: i16, b: i16, c: bool) -> bool {\\\"}\"}"
          input:
            - Variable:
                identifier: "{\"name\":\"a\",\"span\":\"{\\\"line_start\\\":3,\\\"line_stop\\\":3,\\\"col_start\\\":15,\\\"col_stop\\\":16,\\\"path\\\":\\\"compiler-test\\\",\\\"content\\\":\\\"function main(a: i16, b: i16, c: bool) -> bool {\\\"}\"}"
                const_: false
                mutable: true
                type_:
                  IntegerType: I16
                span:
                  line_start: 3
                  line_stop: 3
                  col_start: 15
                  col_stop: 16
                  path: compiler-test
                  content: "function main(a: i16, b: i16, c: bool) -> bool {"
            - Variable:
                identifier: "{\"name\":\"b\",\"span\":\"{\\\"line_start\\\":3,\\\"line_stop\\\":3,\\\"col_start\\\":23,\\\"col_stop\\\":24,\\\"path\\\":\\\"compiler-test\\\",\\\"content\\\":\\\"function main(a: i16, b: i16, c: bool) -> bool {\\\"}\"}"
                const_: false
                mutable: true
                type_:
                  IntegerType: I16
                span:
                  line_start: 3
                  line_stop: 3
                  col_start: 23
                  col_stop: 24
                  path: compiler-test
                  content: "function main(a: i16, b: i16, c: bool) -> bool {"
            - Variable:
                identifier: "{\"name\":\"c\",\"span\":\"{\\\"line_start\\\":3,\\\"line_stop\\\":3,\\\"col_start\\\":31,\\\"col_stop\\\":32,\\\"path\\\":\\\"compiler-test\\\",\\\"content\\\":\\\"function main(a: i16, b: i16, c: bool) -> bool {\\\"}\"}"
                const_: false
                mutable: true
                type_: Boolean
                span:
                  line_start: 3
                  line_stop: 3
                  col_start: 31
                  col_stop: 32
                  path: compiler-test
                  content: "function main(a: i16, b: i16, c: bool) -> bool {"
          output: Boolean
          block:
            statements:
              - Return:
                  expression:
                    Binary:
                      left:
                        Binary:
                          left:
                            Identifier: "{\"name\":\"a\",\"span\":\"{\\\"line_start\\\":4,\\\"line_stop\\\":4,\\\"col_start\\\":12,\\\"col_stop\\\":13,\\\"path\\\":\\\"compiler-test\\\",\\\"content\\\":\\\"    return a <= b == c;\\\"}\"}"
                          right:
                            Identifier: "{\"name\":\"b\",\"span\":\"{\\\"line_start\\\":4,\\\"line_stop\\\":4,\\\"col_start\\\":17,\\\"col_stop\\\":18,\\\"path\\\":\\\"compiler-test\\\",\\\"content\\\":\\\"    return a <= b == c;\\\"}\"}"
                          op: Le
                          span:
                            line_start: 4
                            line_stop: 4
                            col_start: 12
                            col_stop: 18
                            path: compiler-test
                            content: "    return a <= b == c;"
                      right:
                        Identifier: "{\"name\":\"c\",\"span\":\"{\\\"line_start\\\":4,\\\"line_stop\\\":4,\\\"col_start\\\":22,\\\"col_stop\\\":23,\\\"path\\\":\\\"compiler-test\\\",\\\"content\\\":\\\"    return a <= b == c;\\\"}\"}"
                      op: Eq
                      span:
                        line_start: 4
                        line_stop: 4
                        col_start: 12
                        col_stop: 23
                        path: compiler-test
                        content: "    return a <= b == c;"
                  span:
                    line_start: 4
                    line_stop: 4
                    col_start: 5
                    col_stop: 23
                    path: compiler-test
                    content: "    return a <= b == c;"
            span:
              line_start: 3
              line_stop: 5
              col_start: 48
              col_stop: 2
              path: compiler-test
              content: "function main(a: i16, b: i16, c: bool) -> bool {\n...\n}"
          span:
            line_start: 3
            line_stop: 5
            col_start: 1
            col_stop: 2
            path: compiler-test
            content: "function main(a: i16, b: i16, c: bool) -> bool {\n...\n}"
    type_inferenced_theorem:
      name: test
      expected_input: []
      imports: []
      circuits: {}
      global_consts: {}
      functions:
        "{\"name\":\"main\",\"span\":\"{\\\"line_start\\\":3,\\\"line_stop\\\":3,\\\"col_start\\\":10,\\\"col_stop\\\":14,\\\"path\\\":\\\"compiler-test\\\",\\\"content\\\":\\\"function main(a: i16, b: i16, c: bool) -> bool {\\\"}\"}":
          annotations: []
          identifier: "{\"name\":\"main\",\"span\":\"{\\\"line_start\\\":3,\\\"line_stop\\\":3,\\\"col_start\\\":10,\\\"col_stop\\\":14,\\\"path\\\":\\\"compiler-test\\\",\\\"content\\\":\\\"function main(a: i16, b: i16, c: bool) -> bool {\\\"}\"}"
          input:
            - Variable:
                identifier: "{\"name\":\"a\",\"span\":\"{\\\"line_start\\\":3,\\\"line_stop\\\":3,\\\"col_start\\\":15,\\\"col_stop\\\":16,\\\"path\\\":\\\"compiler-test\\\",\\\"content\\\":\\\"function main(a: i16, b: i16, c: bool) -> bool {\\\"}\"}"
                const_: false
                mutable: true
                type_:
                  IntegerType: I16
                span:
                  line_start: 3
                  line_stop: 3
                  col_start: 15
                  col_stop: 16
                  path: compiler-test
                  content: "function main(a: i16, b: i16, c: bool) -> bool {"
            - Variable:
                identifier: "{\"name\":\"b\",\"span\":\"{\\\"line_start\\\":3,\\\"line_stop\\\":3,\\\"col_start\\\":23,\\\"col_stop\\\":24,\\\"path\\\":\\\"compiler-test\\\",\\\"content\\\":\\\"function main(a: i16, b: i16, c: bool) -> bool {\\\"}\"}"
                const_: false
                mutable: true
                type_:
                  IntegerType: I16
                span:
                  line_start: 3
                  line_stop: 3
                  col_start: 23
                  col_stop: 24
                  path: compiler-test
                  content: "function main(a: i16, b: i16, c: bool) -> bool {"
            - Variable:
                identifier: "{\"name\":\"c\",\"span\":\"{\\\"line_start\\\":3,\\\"line_stop\\\":3,\\\"col_start\\\":31,\\\"col_stop\\\":32,\\\"path\\\":\\\"compiler-test\\\",\\\"content\\\":\\\"function main(a: i16, b: i16, c: bool) -> bool {\\\"}\"}"
                const_: false
                mutable: true
                type_: Boolean
                span:
                  line_start: 3
                  line_stop: 3
                  col_start: 31
                  col_stop: 32
                  path: compiler-test
                  content: "function main(a: i16, b: i16, c: bool) -> bool {"
          output: Boolean
          block:
            statements:
              - Return:
                  expression:
                    Binary:
                      left:
                        Binary:
                          left:
                            Identifier: "{\"name\":\"a\",\"span\":\"{\\\"line_start\\\":4,\\\"line_stop\\\":4,\\\"col_start\\\":12,\\\"col_stop\\\":13,\\\"path\\\":\\\"compiler-test\\\",\\\"content\\\":\\\"    return a <= b == c;\\\"}\"}"
                          right:
                            Identifier: "{\"name\":\"b\",\"span\":\"{\\\"line_start\\\":4,\\\"line_stop\\\":4,\\\"col_start\\\":17,\\\"col_stop\\\":18,\\\"path\\\":\\\"compiler-test\\\",\\\"content\\\":\\\"    return a <= b == c;\\\"}\"}"
                          op: Le
                          span:
                            line_start: 4
                            line_stop: 4
                            col_start: 12
                            col_stop: 18
                            path: compiler-test
                            content: "    return a <= b == c;"
                      right:
                        Identifier: "{\"name\":\"c\",\"span\":\"{\\\"line_start\\\":4,\\\"line_stop\\\":4,\\\"col_start\\\":22,\\\"col_stop\\\":23,\\\"path\\\":\\\"compiler-test\\\",\\\"content\\\":\\\"    return a <= b == c;\\\"}\"}"
                      op: Eq
                      span:
                        line_start: 4
                        line_stop: 4
                        col_start: 12
                        col_stop: 23
                        path: compiler-test
                        content: "    return a <= b == c;"
                  span:
                    line_start: 4
                    line_stop: 4
                    col_start: 5
                    col_stop: 23
                    path: compiler-test
                    content: "    return a <= b == c;"
            span:
              line_start: 3
              line_stop: 5
              col_start: 48
              col_stop: 2
              path: compiler-test
              content: "function main(a: i16, b: i16, c: bool) -> bool {\n...\n}"
          span:
            line_start: 3
            line_stop: 5
            col_start: 1
            col_stop: 2
            path: compiler-test
            content: "function main(a: i16, b: i16, c: bool) -> bool {\n...\n}"
