---
namespace: Compile
expectation: Pass
outputs:
  - output:
      - initial_input_ast: 142f86218cc646677bedd5bdf510ff537782d7e60967de7ebe9fb1fb50d7026d
    initial_ast: a4dcded36f8e41d46553f69dbb41d741d4bbc6e1a51feeec07d984ec3478b288
    symbol_table: c055ae68a50138d22ec1203aa51a919ab72b680d836a2344c6aaabc4dcd238cd
