---
namespace: Compile
expectation: Pass
outputs:
  - output:
      - initial_input_ast: f3f4106ac9259a15289bec28ed917f5781227eb13d1e0eafb3e9f8644727e119
    initial_ast: 38b413fdb7fb014ce509c057f03e2e58124b42a4c8eb404e6442f647f11a3a87
    symbol_table: ebb277c7719a564957a2e1942a6e9880e5b0c5a04dedd6ac58c14cb30d3fefd2
