---
namespace: Compile
expectation: Pass
outputs:
  - initial_ast: 4a8dc50cee056a918b491cba6cb3099695e1a76119b5aba7a31a820eb8a87d35
    unrolled_ast: 4a8dc50cee056a918b491cba6cb3099695e1a76119b5aba7a31a820eb8a87d35
    ssa_ast: 7237101f0bbd24e60a7b15718981024268b4db6d751b739cafb18c133b639713
    flattened_ast: 7ae62df655e7b0450817324f4e45f680ec4e19978e2629c9be2b4f93aa0bd519
    inlined_ast: 7ae62df655e7b0450817324f4e45f680ec4e19978e2629c9be2b4f93aa0bd519
    bytecode: 65dcc91a4e07d98f73a0eb5b43d945f85859694417bd643b3ebba0d40494d001
