---
namespace: Compile
expectation: Pass
outputs:
  - - initial_symbol_table: 077422b93c97f7cd8a28ff1ba7bbe58e07c4b7887304c46d35eb5ac6bf23c972
      type_checked_symbol_table: 5f860d2de9a0608ecbc70179a65c645cd622701fee49e955c77387fa225b01a1
      unrolled_symbol_table: 5f860d2de9a0608ecbc70179a65c645cd622701fee49e955c77387fa225b01a1
      initial_ast: ea088fc7dfcd42cb1c4a02811d0e7183e9e3a957baa1b8c3b7d3f6276ea67b11
      unrolled_ast: ea088fc7dfcd42cb1c4a02811d0e7183e9e3a957baa1b8c3b7d3f6276ea67b11
      ssa_ast: b198190cdc4cb967a68fd57b85fc2073171ea2f885b1255e2817c91504df32ad
      flattened_ast: 6db10b23c2d9c487936365291e54a099f2cac3cfb1e6acdff079cb41506388ad
      inlined_ast: 6db10b23c2d9c487936365291e54a099f2cac3cfb1e6acdff079cb41506388ad
      dce_ast: fe90462bcca007acc1b97f2de26e05914f11abab157f3c69fe72aeddf5073c1a
      bytecode: 2bf257739832acc917b4b4f18f149a72e6a8394336740568bd06cb6141704762
      warnings: ""
