---
namespace: Compile
expectation: Pass
outputs:
  - output:
      - initial_input_ast: d2117e2d504b1c95edd7f81c2fb111787aba0b797e0f076fbb473971dc0d3639
    initial_ast: afab5075856790476e7b28fdabc56f437ac4b116d6565e61d8fc46f901577803
    symbol_table: d5d7187bc4868636bebb87a40e06a058925bef5401c8f45b7f104c7b6b19f939
