---
namespace: Compile
expectation: Pass
outputs:
  - output:
      - initial_input_ast: 2c6f07fb52fcadfd42be53ab06838ce4ddc609995c7f4cbc3799f6daf92cc32b
      - initial_input_ast: a090b0a76971eb5a83b3460b0e9ad051e293b1adc169b8a59eece9a7bcda4e56
    initial_ast: 9a2ee78fb41390f0451077664ad6ee99d113fee3ef4cd5ba0c6b032bc976027b
