---
namespace: Compile
expectation: Fail
outputs:
  - "Error [ECMP0376089]: failed to parse `-2` as expected integer type\n    --> compiler-test:3:15\n     |\n   3 | function main(a: u64) {}\n     |               ^\n━━━━━━━━━━━━━━━━━━━━━━━━━━━━━━━━━━ BACKTRACE ━━━━━━━━━━━━━━━━━━━━━━━━━━━━━━━━━━━\n\u001b[0m\u001b[38;5;14m                              ⋮ 4 frames hidden ⋮                               \n\u001b[0m 5: \u001b[0m\u001b[38;5;9menum$<leo_errors::compiler::compiler_errors::CompilerError>::integer_value_invalid_integer<alloc::string::String>\n\u001b[0m    at C:\\Users\\jonat\\AppData\\Roaming\\work\\leo\\errors\\src\\common\\macros.rs:86\n 6: \u001b[0m\u001b[38;5;9mleo_compiler::value::integer::integer::{{impl}}::allocate_type::{{closure}}::{{closure}}<snarkvm_fields::fp_256::Fp256<snarkvm_curves::bls12_377::fr::FrParameters>,leo_synthesizer::circuit_synthesizer::CircuitSynthesizer<snarkvm_curves::templates::bls12::\n\u001b[0m    at C:\\Users\\jonat\\AppData\\Roaming\\work\\leo\\compiler\\src\\value\\integer\\macros.rs:144\n 7: \u001b[0m\u001b[32menum$<core::result::Result<u64, core::num::error::ParseIntError>>::map_err<u64,core::num::error::ParseIntError,enum$<leo_errors::compiler::compiler_errors::CompilerError>,closure-0>\n\u001b[0m    at /rustc/a178d0322ce20e33eac124758e837cbd80a6f633\\library\\core\\src\\result.rs:591\n 8: \u001b[0m\u001b[38;5;9mleo_compiler::value::integer::integer::{{impl}}::allocate_type::{{closure}}<snarkvm_fields::fp_256::Fp256<snarkvm_curves::bls12_377::fr::FrParameters>,leo_synthesizer::circuit_synthesizer::CircuitSynthesizer<snarkvm_curves::templates::bls12::bls12::Bls12<\n\u001b[0m    at C:\\Users\\jonat\\AppData\\Roaming\\work\\leo\\compiler\\src\\value\\integer\\macros.rs:143\n 9: \u001b[0m\u001b[32menum$<core::option::Option<alloc::string::String>, 1, 18446744073709551615, Some>::map<alloc::string::String,enum$<core::result::Result<u64, enum$<leo_errors::compiler::compiler_errors::CompilerError>>>,closure-12>\n\u001b[0m    at /rustc/a178d0322ce20e33eac124758e837cbd80a6f633\\library\\core\\src\\option.rs:489\n10: \u001b[0m\u001b[38;5;9menum$<leo_compiler::value::integer::integer::Integer>::allocate_type<snarkvm_fields::fp_256::Fp256<snarkvm_curves::bls12_377::fr::FrParameters>,leo_synthesizer::circuit_synthesizer::CircuitSynthesizer<snarkvm_curves::templates::bls12::bls12::Bls12<snarkvm\n\u001b[0m    at C:\\Users\\jonat\\AppData\\Roaming\\work\\leo\\compiler\\src\\value\\integer\\integer.rs:140\n11: \u001b[0m\u001b[38;5;9menum$<leo_compiler::value::integer::integer::Integer>::from_input<snarkvm_fields::fp_256::Fp256<snarkvm_curves::bls12_377::fr::FrParameters>,leo_synthesizer::circuit_synthesizer::CircuitSynthesizer<snarkvm_curves::templates::bls12::bls12::Bls12<snarkvm_cu\n\u001b[0m    at C:\\Users\\jonat\\AppData\\Roaming\\work\\leo\\compiler\\src\\value\\integer\\integer.rs:176\n12: \u001b[0m\u001b[38;5;9mleo_compiler::program::program::ConstrainedProgram<snarkvm_fields::fp_256::Fp256<snarkvm_curves::bls12_377::fr::FrParameters>, enum$<leo_compiler::value::group::targets::edwards_bls12::EdwardsGroupType>>::allocate_main_function_input<snarkvm_fields::fp_25\n\u001b[0m    at C:\\Users\\jonat\\AppData\\Roaming\\work\\leo\\compiler\\src\\function\\input\\main_function_input.rs:51\n13: \u001b[0m\u001b[38;5;9mleo_compiler::program::program::ConstrainedProgram<snarkvm_fields::fp_256::Fp256<snarkvm_curves::bls12_377::fr::FrParameters>, enum$<leo_compiler::value::group::targets::edwards_bls12::EdwardsGroupType>>::enforce_main_function<snarkvm_fields::fp_256::Fp25\n\u001b[0m    at C:\\Users\\jonat\\AppData\\Roaming\\work\\leo\\compiler\\src\\function\\main_function.rs:72\n14: \u001b[0m\u001b[38;5;9mleo_compiler::constraints::constraints::generate_constraints<snarkvm_fields::fp_256::Fp256<snarkvm_curves::bls12_377::fr::FrParameters>,enum$<leo_compiler::value::group::targets::edwards_bls12::EdwardsGroupType>,leo_synthesizer::circuit_synthesizer::Circu\n\u001b[0m    at C:\\Users\\jonat\\AppData\\Roaming\\work\\leo\\compiler\\src\\constraints\\constraints.rs:48\n15: \u001b[0m\u001b[38;5;9mleo_compiler::compiler::Compiler<snarkvm_fields::fp_256::Fp256<snarkvm_curves::bls12_377::fr::FrParameters>, enum$<leo_compiler::value::group::targets::edwards_bls12::EdwardsGroupType>>::compile_constraints<snarkvm_fields::fp_256::Fp256<snarkvm_curves::bl\n\u001b[0m    at C:\\Users\\jonat\\AppData\\Roaming\\work\\leo\\compiler\\src\\compiler.rs:319\n16: \u001b[0m\u001b[38;5;9mleo_compiler::test::{{impl}}::run_test\n\u001b[0m    at C:\\Users\\jonat\\AppData\\Roaming\\work\\leo\\compiler\\src\\test.rs:188\n17: \u001b[0m\u001b[38;5;9mleo_test_framework::runner::run_tests<leo_compiler::test::TestRunner>\n\u001b[0m    at C:\\Users\\jonat\\AppData\\Roaming\\work\\leo\\test-framework\\src\\runner.rs:151\n18: \u001b[0m\u001b[38;5;9mleo_compiler::test::compiler_tests\n\u001b[0m    at C:\\Users\\jonat\\AppData\\Roaming\\work\\leo\\compiler\\src\\test.rs:270\n19: \u001b[0m\u001b[38;5;9mleo_compiler::test::compiler_tests::{{closure}}\n\u001b[0m    at C:\\Users\\jonat\\AppData\\Roaming\\work\\leo\\compiler\\src\\test.rs:269\n20: \u001b[0m\u001b[32mcore::ops::function::FnOnce::call_once<closure-0,tuple<>>\n\u001b[0m    at /rustc/a178d0322ce20e33eac124758e837cbd80a6f633\\library\\core\\src\\ops\\function.rs:227\n21: \u001b[0m\u001b[32mcore::ops::function::FnOnce::call_once\n\u001b[0m    at /rustc/a178d0322ce20e33eac124758e837cbd80a6f633\\library\\core\\src\\ops\\function.rs:227\n22: \u001b[0m\u001b[32mtest::__rust_begin_short_backtrace<fn()>\n\u001b[0m    at /rustc/a178d0322ce20e33eac124758e837cbd80a6f633\\/library\\test\\src\\lib.rs:577\n23: \u001b[0m\u001b[32malloc::boxed::{{impl}}::call_once\n\u001b[0m    at /rustc/a178d0322ce20e33eac124758e837cbd80a6f633\\library\\alloc\\src\\boxed.rs:1575\n24: \u001b[0m\u001b[32mstd::panic::{{impl}}::call_once\n\u001b[0m    at /rustc/a178d0322ce20e33eac124758e837cbd80a6f633\\library\\std\\src\\panic.rs:347\n25: \u001b[0m\u001b[32mstd::panicking::try::do_call\n\u001b[0m    at /rustc/a178d0322ce20e33eac124758e837cbd80a6f633\\library\\std\\src\\panicking.rs:401\n26: \u001b[0m\u001b[32mstd::panicking::try\n\u001b[0m    at /rustc/a178d0322ce20e33eac124758e837cbd80a6f633\\library\\std\\src\\panicking.rs:365\n27: \u001b[0m\u001b[32mstd::panic::catch_unwind\n\u001b[0m    at /rustc/a178d0322ce20e33eac124758e837cbd80a6f633\\library\\std\\src\\panic.rs:434\n28: \u001b[0m\u001b[32mtest::run_test_in_process\n\u001b[0m    at /rustc/a178d0322ce20e33eac124758e837cbd80a6f633\\/library\\test\\src\\lib.rs:600\n\u001b[0m\u001b[38;5;14m                              ⋮ 15 frames hidden ⋮                              \n\u001b[0m"
