---
namespace: Compile
expectation: Pass
outputs:
  - output:
      - initial_input_ast: 7034fae8c2db1f78f9f42400f5a6b28d498a7d31f7e35923584622420bfa0ef6
    initial_ast: c700c2039569dc70cfe0cfa80ca189a0d786d02808ac9e3e6229a9c3a4547563
    unrolled_ast: c700c2039569dc70cfe0cfa80ca189a0d786d02808ac9e3e6229a9c3a4547563
    ssa_ast: 68f47aeff220b557c7645cf7161f50a46e309977546ce0dee1d371c9d620dd63
