---
namespace: Compile
expectation: Pass
outputs:
  - output:
      - initial_input_ast: 73f783e291d8e9575065142cfbc126f91ecd8bb09b882338bfbb63f8d3d70301
    initial_ast: 0ff7f57821cf5f5edc52506f8efd0a19627157ddeb9b4f2fad1193bfb6baee99
    unrolled_ast: 0ff7f57821cf5f5edc52506f8efd0a19627157ddeb9b4f2fad1193bfb6baee99
    ssa_ast: 604b937567869f0182aefb1561a84e935ec93c5961dc4f1fce58b6798681ec6d
    flattened_ast: da502750b435e0a5a2883e728bd1ae59566324aee7fbb69aec7f8ed854caafad
