---
namespace: Compile
expectation: Pass
outputs:
  - output:
      - initial_input_ast: 29f6139d908d390f890f04d8ee620757d29b7f71cd48c46ff65bc1e70aae840c
    initial_ast: 23d09c729f58a788cb7595aecf56887cf5789c4e6e01a23e82a30acd8566f3ae
