---
namespace: Compile
expectation: Pass
outputs:
  - output:
      - initial_input_ast: 30c558a016d9a6649da4661e01121800b656b51c9373596936d7a6d4fa0fe2a9
    initial_ast: 74e9aa8322108369805572c431dc7937f75573ac92d33552506a22fd12ea906d
    unrolled_ast: 74e9aa8322108369805572c431dc7937f75573ac92d33552506a22fd12ea906d
    ssa_ast: bf9e407418196b1ded83ea87bb750dd754f93081eeb93d7f06a2ca14c57fceb8
    flattened_ast: 608c4bd69bc9186821a498148b9bb98c2bc2450ba9dc9fde15f95d39fab005ba
