---
namespace: Compile
expectation: Pass
outputs:
  - output:
      - initial_input_ast: no input
    initial_ast: b8ee4f76746c5b4c3e228cd2391785be3318acb25ca77e20a1e1de019f0a413f
    unrolled_ast: b8ee4f76746c5b4c3e228cd2391785be3318acb25ca77e20a1e1de019f0a413f
    ssa_ast: facdd441621fa2fed3795bd2f831934f508d2a5ac79cb2a37403c354f6a96a55
    flattened_ast: 74f4ae0b89cc7d3af2613e692111076a4a14781680f5e9abb086c2e57e1b0f1f
