---
namespace: Compile
expectation: Pass
outputs:
  - output:
      - initial_input_ast: d7efb950b283e8043cb74d699f193749324f2fb6714df5fde527c348f849a179
    initial_ast: db3369fbc15d20ef7d16625dfd3a4304c911e1b7865516f776c16de83d42fe60
    unrolled_ast: db3369fbc15d20ef7d16625dfd3a4304c911e1b7865516f776c16de83d42fe60
    ssa_ast: bdf44d2fe0bcef3e645af6e29e09b68ad24650a62eccb95306dc388f539ff98d
