---
namespace: Compile
expectation: Pass
outputs:
  - - initial_symbol_table: 74b5b2e631e68611202a7a045996856214c9c3b227b9758d93dc52912d073526
      type_checked_symbol_table: 3d20ce52198bcfd4f30fa6c80c28b6415a5d13ef629474ac3041cb3d0da75e8a
      unrolled_symbol_table: 3d20ce52198bcfd4f30fa6c80c28b6415a5d13ef629474ac3041cb3d0da75e8a
      initial_ast: 9668a944ae6289eee00030cf3e0397c83516ad672ece15e3bba577c15db44acb
      unrolled_ast: 9668a944ae6289eee00030cf3e0397c83516ad672ece15e3bba577c15db44acb
      ssa_ast: 5249a37a4574d220611271738cbb62c61fb9bcf37c35764a8189a6c5b930b135
      flattened_ast: 987fc966ecf12505ce935e3e62c4cc12e919baeb713981675d93cb419bdff535
      inlined_ast: 987fc966ecf12505ce935e3e62c4cc12e919baeb713981675d93cb419bdff535
      dce_ast: 987fc966ecf12505ce935e3e62c4cc12e919baeb713981675d93cb419bdff535
      bytecode: 009e138c1ef58588c8c34fdd4b56c5cd984a2f4664d71a3ce1f5811350d5cc1f
      warnings: ""
