---
namespace: Compile
expectation: Pass
outputs:
  - - initial_ast: 6e1ffd48d515e6e68db72c36618c7defd4d775d33dcda21e4c69f71270eea3f6
      unrolled_ast: 6e1ffd48d515e6e68db72c36618c7defd4d775d33dcda21e4c69f71270eea3f6
      ssa_ast: b8c05a7801c699464435584dde0a3342ab26fd316979721bb29921502014dda1
      flattened_ast: 16e268993d01ca333a75d2f181100c352dd68b9071ad2645aa4d967ba0effe5d
      inlined_ast: 16e268993d01ca333a75d2f181100c352dd68b9071ad2645aa4d967ba0effe5d
      dce_ast: 16e268993d01ca333a75d2f181100c352dd68b9071ad2645aa4d967ba0effe5d
      bytecode: 934e0fc8c35f7f0ac3e0403f24f1581573ba6742e9693f9d2a2b56c86e3a6281
      warnings: ""
