---
namespace: Compile
expectation: Pass
outputs:
  - circuit:
      num_public_variables: 0
      num_private_variables: 1
      num_constraints: 1
      at: 042610d0fd1fe6d6ac112138f8755752f44c7d2a00f1b5960574d6da5cda393f
      bt: e97756698880ab7555a959a5fb5c6b4e15bd64612aa677adbfe2d0bd91f0a83c
      ct: cf1cbb66a638b4860a516671fb74850e6ccf787fe6c4c8d29e9c04efe880bd05
    output:
      - input_file: input/dummy.in
        output:
          registers:
            r0:
              type: bool
              value: "true"
    initial_ast: 3ba284ff6893de7ffb6f90092f7c39cefd51c61022e827842fc7d4be7ed72dcd
    imports_resolved_ast: 3ba284ff6893de7ffb6f90092f7c39cefd51c61022e827842fc7d4be7ed72dcd
    canonicalized_ast: 3ba284ff6893de7ffb6f90092f7c39cefd51c61022e827842fc7d4be7ed72dcd
    type_inferenced_ast: 75acbd9ccfb46be0f54046274dc1c200ad7b244bc8e98789d5d7e80fd2d15518
