---
namespace: Compile
expectation: Fail
outputs:
  - "Error [EPAR0370005]: expected -> -- found '{'\n    --> compiler-test:7:16\n     |\n   7 | function Foo() {}\n     |                ^"
