---
namespace: Compile
expectation: Pass
outputs:
  - - initial_ast: 8d60709bae914dfb74cf29bc7a83f3bf551403bf35f8ecbef1d93746e8625a8f
      unrolled_ast: 8d60709bae914dfb74cf29bc7a83f3bf551403bf35f8ecbef1d93746e8625a8f
      ssa_ast: 5660aceffc8a7e03df9d1da0317f66b1ba83f7a01d10a300cff28df00563554c
      flattened_ast: 822db122eaccdfbeaa3d8627ad28c32eecea09dfc72ab01e5181a70c3cfa2887
      inlined_ast: 822db122eaccdfbeaa3d8627ad28c32eecea09dfc72ab01e5181a70c3cfa2887
      dce_ast: 3175353155cf665104a21b2ebb159018a27be3b6b0e3ad3db002ea7c6e03ed71
      bytecode: c0208c20a83afad266fad9bdb23726ab4060b0dcde4b5be3a798dadbf0cb9809
      warnings: ""
