---
namespace: Compile
expectation: Pass
outputs:
  - circuit:
      num_public_variables: 0
      num_private_variables: 65
      num_constraints: 66
      at: 0c8cb242ee3815f5ea6fdd08873577a6cc51fcfbda8cb5671f0b4dc851939d07
      bt: 32bbce55a7ed95a5b0277ef5ddfa171ad065c5c7c743031d8b0bd8e50e51b0af
      ct: 1390f763c4329cb5c51853b83d8d5d6e92d8ea8fed8fc7299285908d14c9d3b4
    output:
      - input_file: tuple.in
        output:
          registers:
            r0:
              type: "(u8, u8)"
              value: "(1, 2)"
            r1:
              type: u32
              value: "103"
    initial_ast: 5a909f77f99ab6cfabec27b05eb7816fe7202444a2c445e13a85eb9a1712394a
    imports_resolved_ast: 4ca172d902f797a1d225223900fbf3f01a68c44ad5a0cf402e719f9e5961988b
    canonicalized_ast: 5a909f77f99ab6cfabec27b05eb7816fe7202444a2c445e13a85eb9a1712394a
    type_inferenced_ast: 0f8156948daece48995cfec97bcee152da96c4d29fbc208f0788ce3962e5b5fe
