---
namespace: Compile
expectation: Pass
outputs:
  - output:
      - initial_input_ast: no input
    initial_ast: e1397e3a912685e40f2d239bd7fdb57b7c616ca41e7137194324ff29e2687e06
    unrolled_ast: e1397e3a912685e40f2d239bd7fdb57b7c616ca41e7137194324ff29e2687e06
