---
namespace: Compile
expectation: Pass
outputs:
  - - initial_symbol_table: f42679f84a0502913466b98ad0802570b196a03efb92762dbf14ddef9343e2bb
      type_checked_symbol_table: badc647bf125be858219463ee7be65a54c641b1a351a7f0b17012263cce0ad5a
      unrolled_symbol_table: badc647bf125be858219463ee7be65a54c641b1a351a7f0b17012263cce0ad5a
      initial_ast: ab0cb67645b250671bca5968fe522eb4f201775566e3e956309218a1a01eb834
      unrolled_ast: ab0cb67645b250671bca5968fe522eb4f201775566e3e956309218a1a01eb834
      ssa_ast: 89375f09d78e40217ba576195030f370424468fc2b2aa7d38197a7170cbc023a
      flattened_ast: 884d648d416cdd025093fdc0e75270bfaf4c5580c44dd9005372b3773945e316
      inlined_ast: 884d648d416cdd025093fdc0e75270bfaf4c5580c44dd9005372b3773945e316
      dce_ast: 68df439c9525fe3c6b88492eb99cddbaf8a6885273c6405114ab7766d845c9d1
      bytecode: 9a042a6076c83bb376f10443261e56704956030b03df62da5d5f4742ac10c74d
      warnings: ""
